› Port 8081 is running staples-react-native-mobile-app in another window
  /Users/Aswick.Jothi@staples.com/Downloads/Staples/RN_ECOM_APP/20260622/ecom-unified-mobile-app (pid 88752)
Input is required, but 'npx expo' is in non-interactive mode.
Required input:
> Use port 8083 instead?
› Skipping dev server
› Planning build
› Clean Succeeded
› Executing react-native Pods/hermes-engine » [CP-User] [Hermes] Replace Hermes for the right configuration, if needed
› Executing react-native Pods/ReactNativeDependencies » [CP-User] [RNDeps] Replace React Native Dependencies for the right configuration, if needed
› Compiling expo-image Pods/libdav1d » Aswick.Jothi@staples.c
› Compiling expo-image Pods/libdav1d » Aswick.Jothi@staples.c
› Compiling expo-image Pods/libdav1d » Aswick.Jothi@staples.c
› Compiling expo-image Pods/libdav1d » Aswick.Jothi@staples.c
› Compiling expo-image Pods/libdav1d » Aswick.Jothi@staples.c
› Compiling expo-image Pods/libdav1d » Aswick.Jothi@staples.c
› Compiling expo-image Pods/libdav1d » Aswick.Jothi@staples.c
› Compiling expo-image Pods/libdav1d » Aswick.Jothi@staples.c
› Compiling expo-image Pods/libdav1d » Aswick.Jothi@staples.c
› Compiling expo-image Pods/libdav1d » Aswick.Jothi@staples.c
› Compiling expo-image Pods/libdav1d » Aswick.Jothi@staples.c
› Compiling expo-image Pods/libdav1d » Aswick.Jothi@staples.c
› Compiling expo-image Pods/libdav1d » Aswick.Jothi@staples.c
› Compiling expo-image Pods/libdav1d » Aswick.Jothi@staples.c
› Compiling expo-image Pods/libdav1d » Aswick.Jothi@staples.c
› Compiling expo-image Pods/libdav1d » Aswick.Jothi@staples.c
› Compiling expo-image Pods/libdav1d » Aswick.Jothi@staples.c
› Compiling expo-image Pods/libdav1d » Aswick.Jothi@staples.c
› Compiling expo-image Pods/libdav1d » Aswick.Jothi@staples.c
› Compiling expo-image Pods/libdav1d » Aswick.Jothi@staples.c
› Compiling expo-image Pods/libwebp » sharpyuv_csp.c
›  Pods/expo-dev-menu-EXDevMenu » Aswick.Jothi@staples.c
› Preparing Pods/React-cxxreact-React-cxxreact_privacy » ResourceBundle-React-cxxreact_privacy-React-cxxreact-Info.plist
› Copying   React-cxxreact/React-cxxreact_privacy.bundle/PrivacyInfo.xcprivacy ➜ node_modules/react-native/ReactCommon/cxxreact/PrivacyInfo.xcprivacy
› Executing react-native Pods/ReactNativeDependencies » [CP] Copy XCFrameworks
› Preparing expo-image Pods/SDWebImage-SDWebImage » ResourceBundle-SDWebImage-SDWebImage-Info.plist
› Copying   expo-image SDWebImage/SDWebImage.bundle/PrivacyInfo.xcprivacy ➜ ios/Pods/SDWebImage/WebImage/PrivacyInfo.xcprivacy
› Preparing Pods/React-Core-React-Core_privacy » ResourceBundle-React-Core_privacy-React-Core-Info.plist
› Copying   React-Core/React-Core_privacy.bundle/PrivacyInfo.xcprivacy ➜ node_modules/react-native/React/Resources/PrivacyInfo.xcprivacy
› Preparing Pods/RNSVG-RNSVGFilters » ResourceBundle-RNSVGFilters-RNSVG-Info.plist
›  Pods/expo-dev-launcher-EXDevLauncher » Aswick.Jothi@staples.c
› Copying   RNSVG/RNSVGFilters.bundle/RNSVGCompositeXor.iphoneos.metallib ➜ node_modules/react-native-svg/apple/Filters/MetalCI/RNSVGCompositeXor.iphoneos.metallib
› Copying   RNSVG/RNSVGFilters.bundle/RNSVGArithmeticFilter.iphoneos.metallib ➜ node_modules/react-native-svg/apple/Filters/MetalCI/RNSVGArithmeticFilter.iphoneos.metallib
› Compiling expo-image Pods/libdav1d » cpu.c
› Preparing Pods/ExpoSystemUI-ExpoSystemUI_privacy » ResourceBundle-ExpoSystemUI_privacy-ExpoSystemUI-Info.plist
› Copying   ExpoSystemUI/ExpoSystemUI_privacy.bundle/PrivacyInfo.xcprivacy ➜ node_modules/expo-system-ui/ios/PrivacyInfo.xcprivacy
› Preparing Pods/ExpoNotifications-ExpoNotifications_privacy » ResourceBundle-ExpoNotifications_privacy-ExpoNotifications-Info.plist
› Copying   ExpoNotifications/ExpoNotifications_privacy.bundle/PrivacyInfo.xcprivacy ➜ node_modules/expo-notifications/ios/PrivacyInfo.xcprivacy
› Preparing Pods/ExpoFileSystem-ExpoFileSystem_privacy » ResourceBundle-ExpoFileSystem_privacy-ExpoFileSystem-Info.plist
› Copying   ExpoFileSystem/ExpoFileSystem_privacy.bundle/PrivacyInfo.xcprivacy ➜ node_modules/expo/node_modules/expo-file-system/ios/PrivacyInfo.xcprivacy
› Preparing Pods/ExpoDevice-ExpoDevice_privacy » ResourceBundle-ExpoDevice_privacy-ExpoDevice-Info.plist
› Copying   ExpoDevice/ExpoDevice_privacy.bundle/PrivacyInfo.xcprivacy ➜ node_modules/expo-device/ios/PrivacyInfo.xcprivacy
› Compiling expo-image Pods/libdav1d » wedge.c
› Compiling expo-image Pods/libdav1d » tables.c
› Compiling expo-image Pods/libdav1d » scan.c
› Compiling expo-image Pods/libdav1d » qm.c
› Compiling expo-image Pods/libdav1d » lf_mask.c
› Compiling expo-image Pods/libdav1d » itx_tmpl_16.c
› Compiling expo-image Pods/libdav1d » itx_tmpl.c
› Compiling expo-image Pods/libdav1d » itx_1d.c
› Compiling expo-image Pods/libdav1d » getbits.c
› Compiling expo-image Pods/libdav1d » filmgrain_tmpl_16.c
› Compiling expo-image Pods/libdav1d » filmgrain_tmpl.c
› Compiling expo-image Pods/libdav1d » dequant_tables.c
› Compiling Pods/libavif » write.c
› Compiling Pods/libavif » utils.c
› Compiling Pods/libavif » scale.c
› Compiling Pods/libavif » reformat_libyuv.c
› Compiling Pods/libavif » reformat_libsharpyuv.c
› Compiling Pods/libavif » rawdata.c
› Compiling Pods/libavif » obu.c
› Compiling Pods/libavif » io.c
› Compiling Pods/libavif » exif.c
› Compiling Pods/libavif » diag.c
› Compiling Pods/libavif » colr.c
› Compiling expo-image Pods/libdav1d » warpmv.c
› Compiling expo-image Pods/libdav1d » thread_task.c
› Compiling expo-image Pods/libdav1d » refmvs.c
› Compiling expo-image Pods/libdav1d » ref.c
› Compiling expo-image Pods/libdav1d » recon_tmpl_16.c
› Compiling expo-image Pods/libdav1d » recon_tmpl.c
› Compiling expo-image Pods/libdav1d » picture.c
› Compiling expo-image Pods/libdav1d » obu.c
› Compiling expo-image Pods/libdav1d » msac.c
› Compiling expo-image Pods/libdav1d » mem.c
› Compiling expo-image Pods/libdav1d » mc_tmpl_16.c
› Compiling expo-image Pods/libdav1d » mc_tmpl.c
› Compiling expo-image Pods/libdav1d » lr_apply_tmpl_16.c
› Compiling expo-image Pods/libdav1d » lr_apply_tmpl.c
› Compiling expo-image Pods/libdav1d » looprestoration_tmpl_16.c
› Compiling expo-image Pods/libdav1d » looprestoration_tmpl.c
› Compiling expo-image Pods/libdav1d » loopfilter_tmpl_16.c
› Compiling expo-image Pods/libdav1d » loopfilter_tmpl.c
› Compiling expo-image Pods/libdav1d » log.c
› Compiling expo-image Pods/libdav1d » lib.c
› Compiling expo-image Pods/libdav1d » lf_apply_tmpl_16.c
› Compiling expo-image Pods/libdav1d » lf_apply_tmpl.c
› Compiling expo-image Pods/libdav1d » ipred_tmpl_16.c
› Compiling expo-image Pods/libdav1d » ipred_tmpl.c
› Compiling expo-image Pods/libdav1d » ipred_prepare_tmpl_16.c
› Compiling expo-image Pods/libdav1d » ipred_prepare_tmpl.c
› Compiling expo-image Pods/libdav1d » intra_edge.c
› Compiling expo-image Pods/libdav1d » fg_apply_tmpl_16.c
› Compiling expo-image Pods/libdav1d » fg_apply_tmpl.c
› Compiling expo-image Pods/libdav1d » data.c
› Compiling expo-image Pods/libdav1d » cdf.c
› Compiling expo-image Pods/libdav1d » cdef_tmpl_16.c
› Compiling expo-image Pods/libdav1d » cdef_tmpl.c
› Compiling expo-image Pods/libdav1d » cdef_apply_tmpl_16.c
› Compiling expo-image Pods/libdav1d » cdef_apply_tmpl.c
› Compiling Pods/libavif » codec_dav1d.c
› Compiling Pods/libavif » avif.c
› Compiling Pods/libavif » alpha.c
› Compiling expo-image Pods/libdav1d » decode.c
› Preparing Pods/EXConstants-ExpoConstants_privacy » ResourceBundle-ExpoConstants_privacy-EXConstants-Info.plist
› Copying   EXConstants/ExpoConstants_privacy.bundle/PrivacyInfo.xcprivacy ➜ node_modules/expo-constants/ios/PrivacyInfo.xcprivacy
› Preparing expo-constants Pods/EXConstants-EXConstants » ResourceBundle-EXConstants-EXConstants-Info.plist
› Preparing Pods/EXApplication-ExpoApplication_privacy » ResourceBundle-ExpoApplication_privacy-EXApplication-Info.plist
› Copying   EXApplication/ExpoApplication_privacy.bundle/PrivacyInfo.xcprivacy ➜ node_modules/expo-application/ios/PrivacyInfo.xcprivacy
› Executing react-native Pods/hermes-engine » [CP] Copy XCFrameworks
› Compiling expo-image Pods/libwebp » yuv_sse41.c
› Compiling expo-image Pods/libwebp » yuv_sse2.c
› Compiling expo-image Pods/libwebp » yuv_mips_dsp_r2.c
› Compiling expo-image Pods/libwebp » yuv_mips32.c
› Compiling expo-image Pods/libwebp » upsampling_sse41.c
› Compiling expo-image Pods/libwebp » upsampling_sse2.c
› Compiling expo-image Pods/libwebp » upsampling_msa.c
› Compiling expo-image Pods/libwebp » upsampling_mips_dsp_r2.c
› Compiling expo-image Pods/libwebp » upsampling.c
› Compiling expo-image Pods/libwebp » tree_enc.c
› Compiling expo-image Pods/libwebp » tree_dec.c
› Compiling expo-image Pods/libwebp » thread_utils.c
› Compiling expo-image Pods/libwebp » syntax_enc.c
› Compiling expo-image Pods/libwebp » ssim_sse2.c
› Compiling expo-image Pods/libwebp » sharpyuv_sse2.c
› Compiling expo-image Pods/libwebp » sharpyuv_gamma.c
› Compiling expo-image Pods/libwebp » sharpyuv_cpu.c
› Compiling expo-image Pods/libwebp » rescaler_sse2.c
› Compiling expo-image Pods/libwebp » rescaler_msa.c
› Compiling expo-image Pods/libwebp » rescaler_mips_dsp_r2.c
› Compiling expo-image Pods/libwebp » rescaler_mips32.c
› Compiling expo-image Pods/libwebp » rescaler.c
› Compiling expo-image Pods/libwebp » random_utils.c
› Compiling expo-image Pods/libwebp » quant_levels_dec_utils.c
› Compiling expo-image Pods/libwebp » quant_dec.c
› Compiling expo-image Pods/libwebp » picture_tools_enc.c
› Compiling expo-image Pods/libwebp » lossless_sse41.c
› Compiling expo-image Pods/libwebp » lossless_sse2.c
› Compiling expo-image Pods/libwebp » lossless_msa.c
› Compiling expo-image Pods/libwebp » lossless_mips_dsp_r2.c
› Compiling expo-image Pods/libwebp » lossless_enc_sse41.c
› Compiling expo-image Pods/libwebp » lossless_enc_sse2.c
› Compiling expo-image Pods/libwebp » lossless_enc_msa.c
› Compiling expo-image Pods/libwebp » lossless_enc_mips_dsp_r2.c
› Compiling expo-image Pods/libwebp » iterator_enc.c
› Compiling expo-image Pods/libwebp » filters_sse2.c
› Compiling expo-image Pods/libwebp » filters_msa.c
› Compiling expo-image Pods/libwebp » filters_mips_dsp_r2.c
› Compiling expo-image Pods/libwebp » filter_enc.c
› Compiling expo-image Pods/libwebp » enc_sse41.c
› Compiling expo-image Pods/libwebp » enc_sse2.c
› Compiling expo-image Pods/libwebp » enc_msa.c
› Compiling expo-image Pods/libwebp » enc_mips_dsp_r2.c
› Compiling expo-image Pods/libwebp » enc_mips32.c
› Compiling expo-image Pods/libwebp » dec_sse41.c
› Compiling expo-image Pods/libwebp » dec_sse2.c
› Compiling expo-image Pods/libwebp » dec_msa.c
› Compiling expo-image Pods/libwebp » dec_mips_dsp_r2.c
› Compiling expo-image Pods/libwebp » dec_mips32.c
› Compiling expo-image Pods/libwebp » dec_clip_tables.c
› Compiling expo-image Pods/libwebp » dec.c
› Compiling expo-image Pods/libwebp » cpu.c
› Compiling expo-image Pods/libwebp » cost_sse2.c
› Compiling expo-image Pods/libwebp » cost_mips_dsp_r2.c
› Compiling expo-image Pods/libwebp » cost_mips32.c
› Compiling expo-image Pods/libwebp » config_enc.c
› Compiling expo-image Pods/libwebp » bit_reader_utils.c
› Compiling expo-image Pods/libwebp » anim_decode.c
› Compiling expo-image Pods/libwebp » alpha_processing_sse41.c
› Compiling expo-image Pods/libwebp » alpha_processing_sse2.c
› Compiling expo-image Pods/libwebp » alpha_processing_mips_dsp_r2.c
› Compiling expo-image Pods/libwebp » alpha_processing.c
› Compiling Pods/libavif » reformat.c
› Compiling Pods/libavif » mem.c
› Compiling expo-image Pods/libwebp » yuv.c
› Compiling expo-image Pods/libwebp » webp_enc.c
› Compiling expo-image Pods/libwebp » webp_dec.c
› Compiling expo-image Pods/libwebp » vp8l_enc.c
› Compiling expo-image Pods/libwebp » vp8l_dec.c
› Compiling expo-image Pods/libwebp » vp8_dec.c
› Compiling expo-image Pods/libwebp » utils.c
› Compiling expo-image Pods/libwebp » token_enc.c
› Compiling expo-image Pods/libwebp » ssim.c
› Compiling expo-image Pods/libwebp » sharpyuv_dsp.c
› Compiling expo-image Pods/libwebp » yuv_neon.c
› Compiling expo-image Pods/libwebp » upsampling_neon.c
› Compiling expo-image Pods/libwebp » sharpyuv_neon.c
› Compiling expo-image Pods/libwebp » sharpyuv.c
› Compiling expo-image Pods/libwebp » rescaler_utils.c
› Compiling expo-image Pods/libwebp » rescaler_neon.c
› Compiling expo-image Pods/libwebp » quant_levels_utils.c
› Compiling expo-image Pods/libwebp » quant_enc.c
› Compiling expo-image Pods/libwebp » predictor_enc.c
› Compiling expo-image Pods/libwebp » picture_rescale_enc.c
› Compiling expo-image Pods/libwebp » picture_psnr_enc.c
› Compiling expo-image Pods/libwebp » picture_enc.c
› Compiling expo-image Pods/libwebp » picture_csp_enc.c
› Compiling expo-image Pods/libwebp » palette.c
› Compiling expo-image Pods/libwebp » near_lossless_enc.c
› Compiling expo-image Pods/libwebp » muxread.c
› Compiling expo-image Pods/libwebp » muxinternal.c
› Compiling expo-image Pods/libwebp » muxedit.c
› Compiling expo-image Pods/libwebp » lossless_neon.c
› Compiling expo-image Pods/libwebp » lossless_enc_neon.c
› Compiling expo-image Pods/libwebp » lossless_enc_mips32.c
› Compiling expo-image Pods/libwebp » lossless_enc.c
› Compiling expo-image Pods/libwebp » lossless.c
› Compiling expo-image Pods/libwebp » io_dec.c
› Compiling expo-image Pods/libwebp » idec_dec.c
› Compiling expo-image Pods/libwebp » huffman_utils.c
› Compiling expo-image Pods/libwebp » huffman_encode_utils.c
› Compiling expo-image Pods/libwebp » histogram_enc.c
› Compiling expo-image Pods/libwebp » frame_enc.c
› Compiling expo-image Pods/libwebp » frame_dec.c
› Compiling expo-image Pods/libwebp » filters_utils.c
› Compiling expo-image Pods/libwebp » filters_neon.c
› Compiling expo-image Pods/libwebp » filters.c
› Compiling expo-image Pods/libwebp » enc_neon.c
› Compiling expo-image Pods/libwebp » enc.c
› Compiling expo-image Pods/libwebp » demux.c
› Compiling expo-image Pods/libwebp » dec_neon.c
› Compiling expo-image Pods/libwebp » cost_neon.c
› Compiling expo-image Pods/libwebp » cost_enc.c
› Compiling expo-image Pods/libwebp » cost.c
› Compiling expo-image Pods/libwebp » color_cache_utils.c
› Compiling expo-image Pods/libwebp » buffer_dec.c
› Compiling expo-image Pods/libwebp » bit_writer_utils.c
› Compiling expo-image Pods/libwebp » backward_references_enc.c
› Compiling expo-image Pods/libwebp » backward_references_cost_enc.c
› Compiling expo-image Pods/libwebp » anim_encode.c
› Compiling expo-image Pods/libwebp » analysis_enc.c
› Compiling expo-image Pods/libwebp » alpha_processing_neon.c
› Compiling expo-image Pods/libwebp » alpha_enc.c
› Compiling expo-image Pods/libwebp » alpha_dec.c
› Compiling Pods/libavif » stream.c
› Compiling Pods/libavif » read.c
› Compiling expo-image Pods/libdav1d » cpu.c
› Executing react-native Pods/React-Core-prebuilt » [CP-User] [RNDeps] Replace React Native Core for the right configuration, if needed
› Creating  Pods/React-cxxreact-React-cxxreact_privacy » React-cxxreact_privacy.bundle
› Creating  expo-image Pods/SDWebImage-SDWebImage » SDWebImage.bundle
› Creating  Pods/React-Core-React-Core_privacy » React-Core_privacy.bundle
› Creating  Pods/RNSVG-RNSVGFilters » RNSVGFilters.bundle
› Creating  Pods/ExpoSystemUI-ExpoSystemUI_privacy » ExpoSystemUI_privacy.bundle
› Creating  Pods/ExpoNotifications-ExpoNotifications_privacy » ExpoNotifications_privacy.bundle
› Creating  Pods/ExpoFileSystem-ExpoFileSystem_privacy » ExpoFileSystem_privacy.bundle
› Creating  Pods/ExpoDevice-ExpoDevice_privacy » ExpoDevice_privacy.bundle
› Creating  Pods/EXConstants-ExpoConstants_privacy » ExpoConstants_privacy.bundle
› Creating  expo-constants Pods/EXConstants-EXConstants » EXConstants.bundle
› Creating  Pods/EXApplication-ExpoApplication_privacy » ExpoApplication_privacy.bundle
› Executing react-native Pods/React-Core-prebuilt » [CP] Copy XCFrameworks
› Preparing Pods/expo-dev-menu-EXDevMenu » ResourceBundle-EXDevMenu-expo-dev-menu-Info.plist
› Creating  Pods/expo-dev-menu-EXDevMenu » EXDevMenu.bundle
› Preparing Pods/expo-dev-launcher-EXDevLauncher » ResourceBundle-EXDevLauncher-expo-dev-launcher-Info.plist
› Creating  Pods/expo-dev-launcher-EXDevLauncher » EXDevLauncher.bundle
› Executing react-native Pods/React-RCTFBReactNativeSpec » [CP-User] [RN]Check FBReactNativeSpec
› Compiling expo Pods/ExpoModulesJSI » TypedArray.cpp
› Compiling expo Pods/ExpoModulesJSI » MemoryBuffer.cpp
› Compiling expo Pods/ExpoModulesJSI » ObjectDeallocator.cpp
› Compiling expo Pods/ExpoModulesJSI » JSIUtils.cpp
› Compiling expo Pods/ExpoModulesJSI » MainThreadInvoker.mm
› Compiling expo Pods/ExpoModulesJSI » EXStringUtils.cpp
› Compiling expo Pods/ExpoModulesJSI » EXRawJavaScriptFunction.mm
› Compiling expo Pods/ExpoModulesJSI » EXRawJavaScriptArrayBuffer.mm
› Compiling expo Pods/ExpoModulesJSI » EXNativeArrayBuffer.mm
› Compiling expo Pods/ExpoModulesJSI » EXJavaScriptWeakObject.mm
› Compiling expo Pods/ExpoModulesJSI » EXJavaScriptValue.mm
› Compiling expo Pods/ExpoModulesJSI » EXJavaScriptTypedArray.mm
› Compiling expo Pods/ExpoModulesJSI » EXJavaScriptRuntime.mm
› Compiling expo Pods/ExpoModulesJSI » EXJavaScriptObjectBinding.mm
› Compiling expo Pods/ExpoModulesJSI » EXJavaScriptObject.mm
› Compiling expo Pods/ExpoModulesJSI » EXJSIUtils.mm
› Compiling expo Pods/ExpoModulesJSI » EXJSIConversions.mm
› Compiling expo Pods/ExpoModulesJSI » EXArrayBuffer.mm
› Compiling expo Pods/ExpoLogBox » ExpoRedBoxSwap.mm
› Executing hammer Pods/ReactCodegen » [CP-User] Generate Specs
› Compiling expo-image Pods/SDWebImage » SDAssociatedObject.m
› Compiling expo-image Pods/SDWebImage » SDAnimatedImageRep.m
› Compiling expo-image Pods/SDWebImage » SDAnimatedImageView.m
› Compiling expo-image Pods/SDWebImage » SDAnimatedImageView+WebCache.m
› Compiling expo-image Pods/libwebp » libwebp-dummy.m
› Compiling expo-image Pods/libdav1d » libdav1d-dummy.m
› Compiling expo-dev-menu-interface Pods/expo-dev-menu-interface » expo-dev-menu-interface-dummy.m
› Compiling Pods/libavif » libavif-dummy.m
› Packaging expo-image Pods/libwebp » liblibwebp.a
› Packaging expo-image Pods/libdav1d » liblibdav1d.a
› Compiling expo-image Pods/SDWebImageWebPCoder » UIImage+WebP.m
› Compiling expo-image Pods/SDWebImageWebPCoder » SDWebImageWebPCoderDefine.m
› Compiling expo-image Pods/SDWebImageWebPCoder » SDWebImageWebPCoder-dummy.m
› Compiling expo-image Pods/SDWebImageWebPCoder » SDImageWebPCoder.m
› Compiling expo-image Pods/SDWebImageSVGCoder » SDWebImageSVGCoderDefine.m
› Packaging expo-dev-menu-interface Pods/expo-dev-menu-interface » libexpo-dev-menu-interface.a
› Compiling expo-image Pods/SDWebImageSVGCoder » SDWebImageSVGCoder-dummy.m
› Compiling expo-image Pods/SDWebImageSVGCoder » SDImageSVGCoder.m
› Compiling expo-image Pods/SDWebImageAVIFCoder » SDWebImageAVIFCoder-dummy.m
› Compiling expo-image Pods/SDWebImageAVIFCoder » SDImageAVIFCoder.m
› Compiling expo-image Pods/SDWebImageAVIFCoder » Conversion.m
› Compiling expo-image Pods/SDWebImageAVIFCoder » ColorSpace.m
› Compiling expo-image Pods/SDWebImage » UIView+WebCacheState.m
› Compiling expo-image Pods/SDWebImage » UIView+WebCacheOperation.m
› Compiling expo-image Pods/SDWebImage » UIView+WebCache.m
› Compiling expo-image Pods/SDWebImage » UIImageView+WebCache.m
› Compiling expo-image Pods/SDWebImage » UIImageView+HighlightedWebCache.m
› Compiling expo-image Pods/SDWebImage » UIImage+Transform.m
› Compiling expo-image Pods/SDWebImage » UIImage+MultiFormat.m
› Compiling expo-image Pods/SDWebImage » UIImage+Metadata.m
› Compiling expo-image Pods/SDWebImage » UIImage+MemoryCacheCost.m
› Compiling expo-image Pods/SDWebImage » UIImage+GIF.m
› Compiling expo-image Pods/SDWebImage » UIImage+ForceDecode.m
› Compiling expo-image Pods/SDWebImage » UIImage+ExtendedCacheData.m
› Compiling expo-image Pods/SDWebImage » UIColor+SDHexString.m
› Compiling expo-image Pods/SDWebImage » UIButton+WebCache.m
› Compiling expo-image Pods/SDWebImage » SDWebImageTransition.m
› Compiling expo-image Pods/SDWebImage » SDWebImagePrefetcher.m
› Compiling expo-image Pods/SDWebImage » SDWebImageOptionsProcessor.m
› Compiling expo-image Pods/SDWebImage » SDWebImageOperation.m
› Compiling expo-image Pods/SDWebImage » SDWebImageManager.m
› Compiling expo-image Pods/SDWebImage » SDWebImageIndicator.m
› Compiling expo-image Pods/SDWebImage » SDWebImageError.m
› Compiling expo-image Pods/SDWebImage » SDWebImageDownloaderResponseModifier.m
› Compiling expo-image Pods/SDWebImage » SDWebImageDownloaderRequestModifier.m
› Compiling expo-image Pods/SDWebImage » SDWebImageDownloaderOperation.m
› Compiling expo-image Pods/SDWebImage » SDWebImageDownloaderDecryptor.m
› Compiling expo-image Pods/SDWebImage » SDWebImageDownloaderConfig.m
› Compiling expo-image Pods/SDWebImage » SDWebImageDownloader.m
› Compiling expo-image Pods/SDWebImage » SDWebImageDefine.m
› Compiling expo-image Pods/SDWebImage » SDWebImageCompat.m
› Compiling expo-image Pods/SDWebImage » SDWebImageCacheSerializer.m
› Compiling expo-image Pods/SDWebImage » SDWebImageCacheKeyFilter.m
› Compiling expo-image Pods/SDWebImage » SDWebImage-dummy.m
› Compiling expo-image Pods/SDWebImage » SDWeakProxy.m
› Compiling expo-image Pods/SDWebImage » SDMemoryCache.m
› Compiling expo-image Pods/SDWebImage » SDInternalMacros.m
› Compiling expo-image Pods/SDWebImage » SDImageTransformer.m
› Compiling expo-image Pods/SDWebImage » SDImageLoadersManager.m
› Compiling expo-image Pods/SDWebImage » SDImageLoader.m
› Compiling expo-image Pods/SDWebImage » SDImageIOCoder.m
› Compiling expo-image Pods/SDWebImage » SDImageIOAnimatedCoder.m
› Compiling expo-image Pods/SDWebImage » SDImageHEICCoder.m
› Compiling expo-image Pods/SDWebImage » SDImageGraphics.m
› Compiling expo-image Pods/SDWebImage » SDImageGIFCoder.m
› Compiling expo-image Pods/SDWebImage » SDImageFramePool.m
› Compiling expo-image Pods/SDWebImage » SDImageFrame.m
› Compiling expo-image Pods/SDWebImage » SDImageCodersManager.m
› Compiling expo-image Pods/SDWebImage » SDImageCoderHelper.m
› Compiling expo-image Pods/SDWebImage » SDImageCoder.m
› Compiling expo-image Pods/SDWebImage » SDImageCachesManagerOperation.m
› Compiling expo-image Pods/SDWebImage » SDImageCachesManager.m
› Compiling expo-image Pods/SDWebImage » SDImageCacheDefine.m
› Compiling expo-image Pods/SDWebImage » SDImageCacheConfig.m
› Compiling expo-image Pods/SDWebImage » SDImageCache.m
› Compiling expo-image Pods/SDWebImage » SDImageAssetManager.m
› Compiling expo-image Pods/SDWebImage » SDImageAWebPCoder.m
› Compiling expo-image Pods/SDWebImage » SDImageAPNGCoder.m
› Compiling expo-image Pods/SDWebImage » SDGraphicsImageRenderer.m
› Compiling expo-image Pods/SDWebImage » SDFileAttributeHelper.m
› Compiling expo-image Pods/SDWebImage » SDDisplayLink.m
› Compiling expo-image Pods/SDWebImage » SDDiskCache.m
› Compiling expo-image Pods/SDWebImage » SDDeviceHelper.m
› Compiling expo-image Pods/SDWebImage » SDCallbackQueue.m
› Compiling expo-image Pods/SDWebImage » SDAsyncBlockOperation.m
› Compiling expo-image Pods/SDWebImage » SDAnimatedImagePlayer.m
› Compiling expo-image Pods/SDWebImage » SDAnimatedImage.m
› Compiling expo-image Pods/SDWebImage » NSImage+Compatibility.m
› Compiling expo-image Pods/SDWebImage » NSData+ImageContentType.m
› Compiling expo-image Pods/SDWebImage » NSButton+WebCache.m
› Compiling expo-image Pods/SDWebImage » NSBezierPath+SDRoundedCorners.m
› Compiling expo-modules-core Pods/ExpoModulesJSI » ExpoModulesJSI-dummy.m
› Compiling @expo/log-box Pods/ExpoLogBox » ExpoLogBox-dummy.m
› Compiling expo-json-utils Pods/EXJSONUtils » NSDictionary+EXJSONUtils.m
› Compiling expo-json-utils Pods/EXJSONUtils » EXJSONUtils-dummy.m
› Executing expo-dev-menu-interface Pods/expo-dev-menu-interface » Copy generated compatibility header
› Packaging Pods/libavif » liblibavif.a
› Packaging expo-modules-core Pods/ExpoModulesJSI » libExpoModulesJSI.a
› Packaging @expo/log-box Pods/ExpoLogBox » libExpoLogBox.a
› Packaging expo-json-utils Pods/EXJSONUtils » libEXJSONUtils.a
› Executing @expo/log-box Pods/ExpoLogBox » Copy generated compatibility header
› Packaging expo-image Pods/SDWebImage » libSDWebImage.a
› Packaging expo-image Pods/SDWebImageSVGCoder » libSDWebImageSVGCoder.a
› Packaging expo-image Pods/SDWebImageWebPCoder » libSDWebImageWebPCoder.a
› Packaging expo-image Pods/SDWebImageAVIFCoder » libSDWebImageAVIFCoder.a
› Compiling hammer Pods/ReactCodegen » States.cpp
› Compiling hammer Pods/ReactCodegen » States.cpp
› Compiling hammer Pods/ReactCodegen » States.cpp
› Compiling hammer Pods/ReactCodegen » States.cpp
› Compiling hammer Pods/ReactCodegen » ShadowNodes.cpp
› Compiling hammer Pods/ReactCodegen » safeareacontextJSI-generated.cpp
› Compiling hammer Pods/ReactCodegen » safeareacontext-generated.mm
› Compiling hammer Pods/ReactCodegen » rnworkletsJSI-generated.cpp
› Compiling hammer Pods/ReactCodegen » rnworklets-generated.mm
› Compiling hammer Pods/ReactCodegen » rnsvgJSI-generated.cpp
› Compiling hammer Pods/ReactCodegen » rnsvg-generated.mm
› Compiling hammer Pods/ReactCodegen » rnscreensJSI-generated.cpp
› Compiling hammer Pods/ReactCodegen » rnscreens-generated.mm
› Compiling hammer Pods/ReactCodegen » rnreanimatedJSI-generated.cpp
› Compiling hammer Pods/ReactCodegen » rnreanimated-generated.mm
› Compiling hammer Pods/ReactCodegen » rngesturehandler_codegenJSI-generated.cpp
› Compiling hammer Pods/ReactCodegen » rngesturehandler_codegen-generated.mm
› Compiling hammer Pods/ReactCodegen » ShadowNodes.cpp
› Compiling hammer Pods/ReactCodegen » ShadowNodes.cpp
› Compiling hammer Pods/ReactCodegen » ShadowNodes.cpp
› Compiling hammer Pods/ReactCodegen » ReactCodegen-dummy.m
› Compiling hammer Pods/ReactCodegen » RCTUnstableModulesRequiringMainQueueSetupProvider.mm
› Compiling hammer Pods/ReactCodegen » RCTThirdPartyComponentsProvider.mm
› Compiling hammer Pods/ReactCodegen » RCTModulesConformingToProtocolsProvider.mm
› Compiling hammer Pods/ReactCodegen » RCTModuleProviders.mm
› Compiling hammer Pods/ReactCodegen » Props.cpp
› Compiling hammer Pods/ReactCodegen » Props.cpp
› Compiling hammer Pods/ReactCodegen » Props.cpp
› Compiling hammer Pods/ReactCodegen » Props.cpp
› Compiling hammer Pods/ReactCodegen » EventEmitters.cpp
› Compiling hammer Pods/ReactCodegen » EventEmitters.cpp
› Compiling hammer Pods/ReactCodegen » EventEmitters.cpp
› Compiling hammer Pods/ReactCodegen » EventEmitters.cpp
› Compiling hammer Pods/ReactCodegen » ComponentDescriptors.cpp
› Compiling hammer Pods/ReactCodegen » ComponentDescriptors.cpp
› Compiling hammer Pods/ReactCodegen » ComponentDescriptors.cpp
› Compiling hammer Pods/ReactCodegen » ComponentDescriptors.cpp
› Compiling react-native-safe-area-context Pods/react-native-safe-area-context » RNCSafeAreaViewState.cpp
› Compiling react-native-safe-area-context Pods/react-native-safe-area-context » RNCSafeAreaViewShadowNode.cpp
› Compiling react-native-safe-area-context Pods/react-native-safe-area-context » RNCSafeAreaViewComponentView.mm
› Compiling react-native-safe-area-context Pods/react-native-safe-area-context » RNCSafeAreaProviderComponentView.mm
› Compiling react-native-safe-area-context Pods/react-native-safe-area-context » RNCSafeAreaContext.mm
› Compiling react-native-safe-area-context Pods/react-native-safe-area-context » react-native-safe-area-context-dummy.m
› Compiling hammer Pods/ReactAppDependencyProvider » RCTAppDependencyProvider.mm
› Compiling react-native-worklets Pods/RNWorklets » WorkletsVersion.cpp
› Compiling react-native-worklets Pods/RNWorklets » WorkletsModuleProxy.cpp
› Compiling react-native-worklets Pods/RNWorklets » WorkletsModule.mm
› Compiling hammer Pods/ReactAppDependencyProvider » ReactAppDependencyProvider-dummy.m
› Compiling react-native-worklets Pods/RNWorklets » WorkletsMessageThread.mm
› Compiling react-native-worklets Pods/RNWorklets » WorkletsJSIUtils.cpp
› Compiling react-native-worklets Pods/RNWorklets » WorkletRuntimeRegistry.cpp
› Compiling react-native-worklets Pods/RNWorklets » WorkletRuntimeDecorator.cpp
› Compiling react-native-worklets Pods/RNWorklets » WorkletRuntime.cpp
› Compiling react-native-worklets Pods/RNWorklets » WorkletHermesRuntime.cpp
› Compiling react-native-worklets Pods/RNWorklets » WorkletEventHandler.cpp
› Compiling react-native-worklets Pods/RNWorklets » VersionUtils.cpp
› Compiling react-native-worklets Pods/RNWorklets » ValueUnpacker.cpp
› Compiling react-native-worklets Pods/RNWorklets » UIScheduler.cpp
› Compiling react-native-worklets Pods/RNWorklets » UIRuntimeDecorator.cpp
› Compiling react-native-worklets Pods/RNWorklets » SynchronizableUnpacker.cpp
› Packaging hammer Pods/ReactCodegen » libReactCodegen.a
› Compiling react-native-worklets Pods/RNWorklets » SynchronizableAccess.cpp
› Compiling react-native-worklets Pods/RNWorklets » Synchronizable.cpp
› Compiling react-native-worklets Pods/RNWorklets » SlowAnimations.mm
› Compiling react-native-worklets Pods/RNWorklets » Serializable.cpp
› Compiling react-native-worklets Pods/RNWorklets » RuntimeManager.cpp
› Compiling react-native-worklets Pods/RNWorklets » RuntimeData.cpp
› Compiling react-native-worklets Pods/RNWorklets » RNRuntimeWorkletDecorator.cpp
› Compiling react-native-worklets Pods/RNWorklets » PlatformLogger.mm
› Compiling react-native-worklets Pods/RNWorklets » JSScheduler.cpp
› Compiling react-native-worklets Pods/RNWorklets » JSLogger.cpp
› Compiling react-native-worklets Pods/RNWorklets » JSIWorkletsModuleProxy.cpp
› Compiling react-native-worklets Pods/RNWorklets » JSISerializer.cpp
› Compiling react-native-worklets Pods/RNWorklets » IOSUIScheduler.mm
› Compiling react-native-worklets Pods/RNWorklets » FeatureFlags.cpp
› Compiling react-native-worklets Pods/RNWorklets » EventLoop.cpp
› Compiling react-native-worklets Pods/RNWorklets » EventHandlerRegistry.cpp
› Compiling react-native-worklets Pods/RNWorklets » AsyncQueueImpl.cpp
› Compiling react-native-worklets Pods/RNWorklets » AnimationFrameQueue.mm
› Compiling react-native-worklets Pods/RNWorklets » AnimationFrameBatchinator.cpp
› Compiling react-native-screens Pods/RNScreens » UIWindow+RNScreens.mm
› Compiling react-native-screens Pods/RNScreens » UIViewController+RNScreens.mm
› Compiling react-native-screens Pods/RNScreens » UIView+RNSUtility.mm
› Compiling react-native-screens Pods/RNScreens » UIScrollView+RNScreens.mm
› Compiling react-native-screens Pods/RNScreens » UINavigationBar+RNSUtility.mm
› Compiling react-native-screens Pods/RNScreens » RNScreensTurboModule.cpp
› Compiling react-native-screens Pods/RNScreens » RNSViewControllerInvalidator.mm
› Compiling react-native-screens Pods/RNScreens » RNSTabsScreenViewController.mm
› Compiling react-native-screens Pods/RNScreens » RNSTabBarControllerDelegate.mm
› Compiling react-native-screens Pods/RNScreens » RNSTabBarController.mm
› Compiling react-native-screens Pods/RNScreens » RNSTabBarAppearanceCoordinator.mm
› Compiling react-native-screens Pods/RNScreens » RNSSplitViewScreenShadowNode.cpp
› Compiling react-native-screens Pods/RNScreens » RNSSearchBar.mm
› Compiling react-native-screens Pods/RNScreens » RNSScrollViewHelper.mm
› Compiling react-native-screens Pods/RNScreens » RNSScrollViewFinder.mm
› Compiling react-native-screens Pods/RNScreens » RNSScreenWindowTraits.mm
› Compiling react-native-screens Pods/RNScreens » RNSScreenViewEvent.mm
› Compiling react-native-screens Pods/RNScreens » RNSScreenState.cpp
› Compiling react-native-screens Pods/RNScreens » RNSScreenStackHeaderSubviewState.cpp
› Compiling react-native-screens Pods/RNScreens » RNSScreenStackHeaderSubviewShadowNode.cpp
› Compiling react-native-screens Pods/RNScreens » RNSScreenStackHeaderSubview.mm
› Compiling react-native-screens Pods/RNScreens » RNSScreenStackHeaderConfigState.cpp
› Compiling react-native-screens Pods/RNScreens » RNSScreenStackHeaderConfigShadowNode.cpp
› Compiling react-native-screens Pods/RNScreens » RNSScreenStackHeaderConfig.mm
› Compiling react-native-screens Pods/RNScreens » RNSScreenStackAnimator.mm
› Compiling react-native-screens Pods/RNScreens » RNSScreenStack.mm
› Compiling react-native-screens Pods/RNScreens » RNSScreenShadowNode.cpp
› Compiling react-native-screens Pods/RNScreens » RNSScreenRemovalListener.cpp
› Compiling react-native-screens Pods/RNScreens » RNSScreenNavigationContainer.mm
› Compiling react-native-screens Pods/RNScreens » RNSScreenFooter.mm
› Compiling react-native-screens Pods/RNScreens » RNSScreenContentWrapper.mm
› Compiling react-native-screens Pods/RNScreens » RNSScreenContainer.mm
› Compiling react-native-screens Pods/RNScreens » RNSScreen.mm
› Compiling react-native-screens Pods/RNScreens » RNSReactBaseView.mm
› Compiling react-native-screens Pods/RNScreens » RNSPercentDrivenInteractiveTransition.mm
› Compiling react-native-screens Pods/RNScreens » RNSModule.mm
› Compiling react-native-screens Pods/RNScreens » RNSModalScreenShadowNode.cpp
› Compiling react-native-screens Pods/RNScreens » RNSModalScreen.mm
› Compiling react-native-screens Pods/RNScreens » RNSInvalidatedComponentsRegistry.mm
› Compiling react-native-screens Pods/RNScreens » RNSHeaderHeightChangeEvent.mm
› Compiling react-native-screens Pods/RNScreens » RNSGammaStubs.mm
› Compiling react-native-screens Pods/RNScreens » RNSFullWindowOverlayShadowNode.cpp
› Compiling react-native-screens Pods/RNScreens » RNSFullWindowOverlay.mm
› Compiling react-native-screens Pods/RNScreens » RNSConvert.mm
› Compiling react-native-screens Pods/RNScreens » RNSConversions.mm
› Compiling react-native-screens Pods/RNScreens » RNSConversions-SplitView.mm
› Compiling react-native-screens Pods/RNScreens » RNSConversions-Fabric.mm
› Compiling react-native-screens Pods/RNScreens » RNSConversions-BottomTabs.mm
› Compiling react-native-screens Pods/RNScreens » RNSBottomTabsState.cpp
› Compiling react-native-screens Pods/RNScreens » RNSBottomTabsShadowNode.cpp
› Compiling react-native-screens Pods/RNScreens » RNSBottomTabsScreenEventEmitter.mm
› Compiling react-native-screens Pods/RNScreens » RNSBottomTabsScreenComponentViewManager.mm
› Compiling react-native-screens Pods/RNScreens » RNSBottomTabsScreenComponentView.mm
› Compiling react-native-screens Pods/RNScreens » RNSBottomTabsHostEventEmitter.mm
› Compiling react-native-screens Pods/RNScreens » RNSBottomTabsHostComponentViewManager.mm
› Compiling react-native-screens Pods/RNScreens » RNSBottomTabsHostComponentView.mm
› Compiling react-native-screens Pods/RNScreens » RNSBottomTabsHostComponentView+RNSImageLoader.mm
› Compiling react-native-screens Pods/RNScreens » RNSBackBarButtonItem.mm
› Compiling react-native-screens Pods/RNScreens » RCTTouchHandler+RNSUtility.mm
› Compiling react-native-screens Pods/RNScreens » RCTSurfaceTouchHandler+RNSUtility.mm
› Compiling react-native-screens Pods/RNScreens » RCTImageComponentView+RNSScreenStackHeaderConfig.mm
› Compiling react-native-screens Pods/RNScreens » RCTConvert+RNScreens.mm
› Compiling react-native-screens Pods/RNScreens » RCTConvert+RNSBottomTabs.mm
› Compiling react-native-screens Pods/RNScreens » NSString+RNSUtility.mm
› Compiling react-native-screens Pods/RNScreens » RNScreens-dummy.m
› Packaging hammer Pods/ReactAppDependencyProvider » libReactAppDependencyProvider.a
› Compiling react-native-svg Pods/RNSVG » RNSVGViewBox.mm
› Compiling react-native-svg Pods/RNSVG » RNSVGUseManager.mm
› Compiling react-native-svg Pods/RNSVG » RNSVGUse.mm
› Compiling react-native-svg Pods/RNSVG » RNSVGTopAlignedLabel.ios.mm
› Compiling react-native-svg Pods/RNSVG » RNSVGTextProperties.mm
› Compiling react-native-svg Pods/RNSVG » RNSVGTextPathManager.mm
› Compiling react-native-svg Pods/RNSVG » RNSVGTextPath.mm
› Compiling react-native-svg Pods/RNSVG » RNSVGTextManager.mm
› Compiling react-native-svg Pods/RNSVG » RNSVGText.mm
› Compiling react-native-svg Pods/RNSVG » RNSVGTSpanManager.mm
› Compiling react-native-svg Pods/RNSVG » RNSVGTSpan.mm
› Compiling react-native-svg Pods/RNSVG » RNSVGSymbolManager.mm
› Compiling react-native-svg Pods/RNSVG » RNSVGSymbol.mm
› Compiling react-native-svg Pods/RNSVG » RNSVGSvgViewModule.mm
› Compiling react-native-svg Pods/RNSVG » RNSVGSvgViewManager.mm
› Compiling react-native-svg Pods/RNSVG » RNSVGSvgView.mm
› Packaging react-native-screens Pods/RNScreens » libRNScreens.a
› Compiling react-native-svg Pods/RNSVG » RNSVGSolidColorBrush.mm
› Compiling react-native-svg Pods/RNSVG » RNSVGShadowNodes.cpp
› Compiling react-native-svg Pods/RNSVG » RNSVGRenderableModule.mm
› Compiling react-native-svg Pods/RNSVG » RNSVGRenderableManager.mm
› Compiling react-native-svg Pods/RNSVG » RNSVGRenderable.mm
› Compiling react-native-svg Pods/RNSVG » RNSVGRenderUtils.mm
› Compiling react-native-svg Pods/RNSVG » RNSVGRectManager.mm
› Compiling react-native-svg Pods/RNSVG » RNSVGRect.mm
› Compiling react-native-svg Pods/RNSVG » RNSVGRadialGradientManager.mm
› Compiling react-native-svg Pods/RNSVG » RNSVGRadialGradient.mm
› Compiling react-native-svg Pods/RNSVG » RNSVGPropHelper.mm
› Compiling react-native-svg Pods/RNSVG » RNSVGPatternManager.mm
› Compiling react-native-svg Pods/RNSVG » RNSVGPattern.mm
› Compiling react-native-svg Pods/RNSVG » RNSVGPathParser.mm
› Compiling react-native-svg Pods/RNSVG » RNSVGPathMeasure.mm
› Compiling react-native-svg Pods/RNSVG » RNSVGPathManager.mm
› Compiling react-native-svg Pods/RNSVG » RNSVGPath.mm
› Compiling react-native-svg Pods/RNSVG » RNSVGPainterBrush.mm
› Compiling react-native-svg Pods/RNSVG » RNSVGPainter.mm
› Compiling react-native-svg Pods/RNSVG » RNSVGNodeManager.mm
› Compiling react-native-svg Pods/RNSVG » RNSVGNode.mm
› Compiling react-native-svg Pods/RNSVG » RNSVGMaskManager.mm
› Compiling react-native-svg Pods/RNSVG » RNSVGMask.mm
› Compiling react-native-svg Pods/RNSVG » RNSVGMarkerPosition.mm
› Compiling react-native-svg Pods/RNSVG » RNSVGMarkerManager.mm
› Compiling react-native-svg Pods/RNSVG » RNSVGMarker.mm
› Compiling react-native-svg Pods/RNSVG » RNSVGLinearGradientManager.mm
› Compiling react-native-svg Pods/RNSVG » RNSVGLinearGradient.mm
› Compiling react-native-svg Pods/RNSVG » RNSVGLineManager.mm
› Compiling react-native-svg Pods/RNSVG » RNSVGLine.mm
› Compiling react-native-svg Pods/RNSVG » RNSVGLength.mm
› Compiling react-native-svg Pods/RNSVG » RNSVGLayoutableShadowNode.cpp
› Compiling react-native-svg Pods/RNSVG » RNSVGImageState.cpp
› Compiling react-native-svg Pods/RNSVG » RNSVGImageShadowNode.cpp
› Compiling react-native-svg Pods/RNSVG » RNSVGImageManager.mm
› Compiling react-native-svg Pods/RNSVG » RNSVGImage.mm
› Compiling react-native-svg Pods/RNSVG » RNSVGGroupManager.mm
› Compiling react-native-svg Pods/RNSVG » RNSVGGroup.mm
› Compiling react-native-svg Pods/RNSVG » RNSVGGlyphContext.mm
› Compiling react-native-svg Pods/RNSVG » RNSVGForeignObjectManager.mm
› Compiling react-native-svg Pods/RNSVG » RNSVGForeignObject.mm
› Compiling react-native-svg Pods/RNSVG » RNSVGFontData.mm
› Compiling react-native-svg Pods/RNSVG » RNSVGFilterRegion.mm
› Compiling react-native-svg Pods/RNSVG » RNSVGFilterPrimitiveManager.mm
› Compiling react-native-svg Pods/RNSVG » RNSVGFilterPrimitive.mm
› Compiling react-native-svg Pods/RNSVG » RNSVGFilterManager.mm
› Compiling react-native-svg Pods/RNSVG » RNSVGFilter.mm
› Compiling react-native-svg Pods/RNSVG » RNSVGFeOffsetManager.mm
› Compiling react-native-svg Pods/RNSVG » RNSVGFeOffset.mm
› Compiling react-native-svg Pods/RNSVG » RNSVGFeMergeManager.mm
› Compiling react-native-svg Pods/RNSVG » RNSVGFeMerge.mm
› Compiling react-native-svg Pods/RNSVG » RNSVGFeGaussianBlurManager.mm
› Compiling react-native-svg Pods/RNSVG » RNSVGFeGaussianBlur.mm
› Compiling react-native-svg Pods/RNSVG » RNSVGFeFloodManager.mm
› Compiling react-native-svg Pods/RNSVG » RNSVGFeFlood.mm
› Compiling react-native-svg Pods/RNSVG » RNSVGFeCompositeManager.mm
› Compiling react-native-svg Pods/RNSVG » RNSVGFeComposite.mm
› Compiling react-native-svg Pods/RNSVG » RNSVGFeColorMatrixManager.mm
› Compiling react-native-svg Pods/RNSVG » RNSVGFeColorMatrix.mm
› Compiling react-native-svg Pods/RNSVG » RNSVGFeBlendManager.mm
› Compiling react-native-svg Pods/RNSVG » RNSVGFeBlend.mm
› Compiling react-native-svg Pods/RNSVG » RNSVGEllipseManager.mm
› Compiling react-native-svg Pods/RNSVG » RNSVGEllipse.mm
› Compiling react-native-svg Pods/RNSVG » RNSVGDefsManager.mm
› Compiling react-native-svg Pods/RNSVG » RNSVGDefs.mm
› Compiling react-native-svg Pods/RNSVG » RNSVGCustomFilter.mm
› Compiling react-native-svg Pods/RNSVG » RNSVGConvert.mm
› Compiling react-native-svg Pods/RNSVG » RNSVGContextBrush.mm
› Compiling react-native-svg Pods/RNSVG » RNSVGCompositeXor.mm
› Compiling react-native-svg Pods/RNSVG » RNSVGClipPathManager.mm
› Compiling react-native-svg Pods/RNSVG » RNSVGClipPath.mm
› Compiling react-native-svg Pods/RNSVG » RNSVGCircleManager.mm
› Compiling react-native-svg Pods/RNSVG » RNSVGCircle.mm
› Compiling react-native-svg Pods/RNSVG » RNSVGBrush.mm
› Compiling react-native-svg Pods/RNSVG » RNSVGBezierElement.mm
› Compiling react-native-svg Pods/RNSVG » RNSVGArithmeticFilter.mm
› Compiling react-native-svg Pods/RNSVG » RCTConvert+RNSVG.mm
› Compiling react-native-reanimated Pods/RNReanimated » vectors.cpp
› Compiling react-native-reanimated Pods/RNReanimated » steps.cpp
› Compiling react-native-reanimated Pods/RNReanimated » props.cpp
› Compiling react-native-reanimated Pods/RNReanimated » matrix.cpp
› Compiling react-native-reanimated Pods/RNReanimated » linear.cpp
› Compiling react-native-reanimated Pods/RNReanimated » keyframes.cpp
› Compiling react-native-reanimated Pods/RNReanimated » interpolators.cpp
› Compiling react-native-reanimated Pods/RNReanimated » cubicBezier.cpp
› Compiling react-native-reanimated Pods/RNReanimated » common.cpp
› Compiling react-native-reanimated Pods/RNReanimated » algorithms.cpp
› Compiling react-native-reanimated Pods/RNReanimated » ViewStylesRepository.cpp
› Compiling react-native-reanimated Pods/RNReanimated » ValueInterpolator.cpp
› Compiling react-native-reanimated Pods/RNReanimated » UpdatesRegistryManager.cpp
› Compiling react-native-reanimated Pods/RNReanimated » UpdatesRegistry.cpp
› Compiling react-native-reanimated Pods/RNReanimated » UIRuntimeDecorator.cpp
› Compiling react-native-reanimated Pods/RNReanimated » TransitionStyleInterpolator.cpp
› Compiling react-native-reanimated Pods/RNReanimated » TransitionProgressProvider.cpp
› Compiling react-native-reanimated Pods/RNReanimated » TransformsStyleInterpolator.cpp
› Compiling react-native-reanimated Pods/RNReanimated » TransformOperationInterpolator.cpp
› Compiling react-native-reanimated Pods/RNReanimated » TransformOperation.cpp
› Compiling react-native-reanimated Pods/RNReanimated » TransformOp.cpp
› Compiling react-native-reanimated Pods/RNReanimated » TransformMatrix3D.cpp
› Compiling react-native-reanimated Pods/RNReanimated » TransformMatrix2D.cpp
› Compiling react-native-reanimated Pods/RNReanimated » StaticPropsRegistry.cpp
› Compiling react-native-reanimated Pods/RNReanimated » SimpleValueInterpolator.cpp
› Compiling react-native-reanimated Pods/RNReanimated » ShadowTreeCloner.cpp
› Compiling react-native-reanimated Pods/RNReanimated » SetGestureState.mm
› Compiling react-native-reanimated Pods/RNReanimated » SVGStrokeDashArray.cpp
› Compiling react-native-reanimated Pods/RNReanimated » SVGLength.cpp
› Compiling react-native-reanimated Pods/RNReanimated » ResolvableValueInterpolator.cpp
› Compiling react-native-reanimated Pods/RNReanimated » RecordPropertiesInterpolator.cpp
› Compiling react-native-reanimated Pods/RNReanimated » ReanimatedVersion.cpp
› Compiling react-native-reanimated Pods/RNReanimated » ReanimatedMountHook.cpp
› Compiling react-native-reanimated Pods/RNReanimated » ReanimatedModuleProxySpec.cpp
› Compiling react-native-reanimated Pods/RNReanimated » ReanimatedModuleProxy.cpp
› Compiling react-native-reanimated Pods/RNReanimated » ReanimatedModule.mm
› Compiling react-native-reanimated Pods/RNReanimated » ReanimatedCommitHook.cpp
› Compiling react-native-reanimated Pods/RNReanimated » RawProgressProvider.cpp
› Compiling react-native-reanimated Pods/RNReanimated » RNRuntimeDecorator.cpp
› Compiling react-native-reanimated Pods/RNReanimated » REASlowAnimations.mm
› Compiling react-native-reanimated Pods/RNReanimated » REANodesManager.mm
› Compiling react-native-reanimated Pods/RNReanimated » REAKeyboardEventObserver.mm
› Compiling react-native-reanimated Pods/RNReanimated » Quaternion.cpp
› Compiling react-native-reanimated Pods/RNReanimated » PropertyInterpolator.cpp
› Compiling react-native-reanimated Pods/RNReanimated » PropValueProcessor.cpp
› Compiling react-native-reanimated Pods/RNReanimated » PlatformDepMethodsHolderImpl.mm
› Compiling react-native-reanimated Pods/RNReanimated » NativeProxy.mm
› Compiling react-native-reanimated Pods/RNReanimated » LayoutAnimationsUtils.cpp
› Compiling react-native-reanimated Pods/RNReanimated » LayoutAnimationsProxy.cpp
› Compiling react-native-reanimated Pods/RNReanimated » LayoutAnimationsManager.cpp
› Compiling react-native-reanimated Pods/RNReanimated » InterpolatorRegistry.cpp
› Compiling react-native-reanimated Pods/RNReanimated » InterpolatorFactory.cpp
› Compiling react-native-reanimated Pods/RNReanimated » GroupPropertiesInterpolator.cpp
› Compiling react-native-reanimated Pods/RNReanimated » FeatureFlags.cpp
› Compiling react-native-reanimated Pods/RNReanimated » EasingFunctions.cpp
› Compiling react-native-reanimated Pods/RNReanimated » DelayedItemsManager.cpp
› Compiling react-native-reanimated Pods/RNReanimated » CSSValueVariant.cpp
› Compiling react-native-reanimated Pods/RNReanimated » CSSTransitionsRegistry.cpp
› Compiling react-native-reanimated Pods/RNReanimated » CSSTransitionConfig.cpp
› Compiling react-native-reanimated Pods/RNReanimated » CSSTransition.cpp
› Compiling react-native-reanimated Pods/RNReanimated » CSSNumber.cpp
› Compiling react-native-reanimated Pods/RNReanimated » CSSLength.cpp
› Compiling react-native-reanimated Pods/RNReanimated » CSSKeyword.cpp
› Compiling react-native-reanimated Pods/RNReanimated » CSSKeyframesRegistry.cpp
› Compiling react-native-reanimated Pods/RNReanimated » CSSKeyframesConfig.cpp
› Compiling react-native-reanimated Pods/RNReanimated » CSSDiscreteArray.cpp
› Compiling react-native-reanimated Pods/RNReanimated » CSSColor.cpp
› Compiling react-native-reanimated Pods/RNReanimated » CSSBoolean.cpp
› Compiling react-native-reanimated Pods/RNReanimated » CSSAnimationsRegistry.cpp
› Compiling react-native-reanimated Pods/RNReanimated » CSSAnimationConfig.cpp
› Compiling react-native-reanimated Pods/RNReanimated » CSSAnimation.cpp
› Compiling react-native-reanimated Pods/RNReanimated » CSSAngle.cpp
› Compiling react-native-reanimated Pods/RNReanimated » ArrayPropertiesInterpolator.cpp
› Compiling react-native-reanimated Pods/RNReanimated » AnimationProgressProvider.cpp
› Compiling react-native-reanimated Pods/RNReanimated » AnimatedSensorModule.cpp
› Compiling react-native-reanimated Pods/RNReanimated » AnimatedPropsRegistry.cpp
› Compiling react-native-gesture-handler Pods/RNGestureHandler » RNNativeViewHandler.mm
› Compiling react-native-gesture-handler Pods/RNGestureHandler » RNGestureHandlerRootViewComponentView.mm
› Compiling react-native-gesture-handler Pods/RNGestureHandler » RNGestureHandlerModule.mm
› Compiling react-native-gesture-handler Pods/RNGestureHandler » RNGestureHandlerManager.mm
› Compiling react-native-gesture-handler Pods/RNGestureHandler » RNGestureHandlerButtonManager.mm
› Compiling react-native-gesture-handler Pods/RNGestureHandler » RNGestureHandlerButtonComponentView.mm
› Compiling react-native-safe-area-context Pods/react-native-safe-area-context » RNCSafeAreaViewMode.m
› Compiling react-native-safe-area-context Pods/react-native-safe-area-context » RNCSafeAreaViewManager.m
› Compiling react-native-safe-area-context Pods/react-native-safe-area-context » RNCSafeAreaViewLocalData.m
› Compiling react-native-safe-area-context Pods/react-native-safe-area-context » RNCSafeAreaViewEdges.m
› Compiling react-native-safe-area-context Pods/react-native-safe-area-context » RNCSafeAreaViewEdgeMode.m
› Compiling react-native-safe-area-context Pods/react-native-safe-area-context » RNCSafeAreaView.m
› Compiling react-native-safe-area-context Pods/react-native-safe-area-context » RNCSafeAreaUtils.m
› Compiling react-native-safe-area-context Pods/react-native-safe-area-context » RNCSafeAreaShadowView.m
› Compiling react-native-safe-area-context Pods/react-native-safe-area-context » RNCSafeAreaProviderManager.m
› Compiling react-native-safe-area-context Pods/react-native-safe-area-context » RNCSafeAreaProvider.m
› Compiling react-native-safe-area-context Pods/react-native-safe-area-context » RNCOnInsetsChangeEvent.m
› Compiling react-native-gesture-handler Pods/RNGestureHandler » RNGestureHandlerButton.mm
› Compiling react-native-gesture-handler Pods/RNGestureHandler » RNGestureHandler.mm
› Packaging react-native-safe-area-context Pods/react-native-safe-area-context » libreact-native-safe-area-context.a
› Compiling react-native-worklets Pods/RNWorklets » RNWorklets-dummy.m
› Packaging react-native-worklets Pods/RNWorklets » libRNWorklets.a
› Compiling react-native-svg Pods/RNSVG » RNSVG-dummy.m
› Compiling react-native-gesture-handler Pods/RNGestureHandler » RNGestureHandler-dummy.m
› Packaging react-native-svg Pods/RNSVG » libRNSVG.a
› Compiling react-native-reanimated Pods/RNReanimated » ReanimatedSensorContainer.m
› Compiling react-native-reanimated Pods/RNReanimated » ReanimatedSensor.m
› Compiling react-native-reanimated Pods/RNReanimated » RCTUIView+Reanimated.m
› Compiling react-native-reanimated Pods/RNReanimated » RNReanimated-dummy.m
› Packaging react-native-reanimated Pods/RNReanimated » libRNReanimated.a
› Compiling react-native-gesture-handler Pods/RNGestureHandler » RNGestureHandlerRegistry.m
› Compiling react-native-gesture-handler Pods/RNGestureHandler » RNGestureHandlerEvents.m
› Compiling react-native-gesture-handler Pods/RNGestureHandler » RNGestureHandlerPointerTracker.m
› Compiling react-native-gesture-handler Pods/RNGestureHandler » RNGHVector.m
› Compiling react-native-gesture-handler Pods/RNGestureHandler » RNHoverHandler.m
› Compiling react-native-gesture-handler Pods/RNGestureHandler » RNGHStylusData.m
› Compiling react-native-gesture-handler Pods/RNGestureHandler » RNForceTouchHandler.m
› Compiling react-native-gesture-handler Pods/RNGestureHandler » RNLongPressHandler.m
› Compiling react-native-gesture-handler Pods/RNGestureHandler » RNManualActivationRecognizer.m
› Compiling react-native-gesture-handler Pods/RNGestureHandler » RNTapHandler.m
› Compiling react-native-gesture-handler Pods/RNGestureHandler » RNRootViewGestureRecognizer.m
› Compiling react-native-gesture-handler Pods/RNGestureHandler » RNRotationHandler.m
› Compiling react-native-gesture-handler Pods/RNGestureHandler » RNPinchHandler.m
› Compiling react-native-gesture-handler Pods/RNGestureHandler » RNPanHandler.m
› Compiling react-native-gesture-handler Pods/RNGestureHandler » RNManualHandler.m
› Compiling react-native-gesture-handler Pods/RNGestureHandler » RNFlingHandler.m
› Packaging react-native-gesture-handler Pods/RNGestureHandler » libRNGestureHandler.a
› Compiling expo Pods/ExpoModulesCore » WorkletRuntimeFactory.mm
› Compiling expo Pods/ExpoModulesCore » WorkletJSCallInvoker.cpp

❌  (node_modules/expo/node_modules/expo-modules-core/ios/Worklets/WorkletJSCallInvoker.cpp:19:19)

  17 |   }
  18 |
> 19 |   workletRuntime->schedule(std::move(func));
     |                   ^ no member named 'schedule' in 'worklets::WorkletRuntime'
  20 | }
  21 |
  22 | void WorkletJSCallInvoker::invokeSync(react::CallFunc &&func) {

› Compiling expo Pods/ExpoModulesCore » WorkletExecutor.mm
› Compiling expo Pods/ExpoModulesCore » SwiftUIVirtualViewObjC.mm
› Compiling expo Pods/ExpoModulesCore » SharedRef.cpp
› Compiling expo Pods/ExpoModulesCore » SharedObject.cpp
› Compiling expo Pods/ExpoModulesCore » SerializableExtractor.mm
› Compiling expo Pods/ExpoModulesCore » NativeModule.cpp
› Compiling expo Pods/ExpoModulesCore » LazyObject.cpp
› Compiling expo Pods/ExpoModulesCore » ExpoViewShadowNode.cpp
› Compiling expo Pods/ExpoModulesCore » ExpoViewProps.cpp
› Compiling expo Pods/ExpoModulesCore » ExpoViewEventEmitter.cpp
› Compiling expo Pods/ExpoModulesCore » ExpoViewComponentDescriptor.cpp
› Compiling expo Pods/ExpoModulesCore » ExpoModulesHostObject.mm
› Compiling expo Pods/ExpoModulesCore » ExpoFabricViewObjC.mm
› Compiling expo Pods/ExpoModulesCore » ExpoBridgeModule.mm
› Compiling expo Pods/ExpoModulesCore » EventEmitter.cpp
› Compiling expo Pods/ExpoModulesCore » EXWorkletRuntime.mm
⚠️  Script has ambiguous dependencies causing it to run on every build.
   To fix, go to: Xcode » Hammer/Hammer » Build Phases » '[Expo Dev Launcher] Strip Local Network Keys for Release'
   Either: Uncheck "Based on dependency analysis", or select output files to trigger the script

⚠️  Pods/SDWebImage-SDWebImage: iOS@9.0 deployment version mismatch, expected >= 2.0 <= 26.1.99

› 1 error(s), and 2 warning(s)

CommandError: Failed to build iOS project. "xcodebuild" exited with error code 65.
